[13:38:26] [ServerMain/INFO]: Environment: Environment[sessionHost=https://sessionserver.mojang.com, servicesHost=https://api.minecraftservices.com, name=PROD]
[13:38:27] [ServerMain/INFO]: No existing world data, creating new world
[13:38:28] [ServerMain/INFO]: Loaded 1290 recipes
[13:38:29] [ServerMain/INFO]: Loaded 1399 advancements
[13:38:29] [Server thread/INFO]: Starting minecraft server version 1.21
[13:38:29] [Server thread/INFO]: Loading properties
[13:38:29] [Server thread/INFO]: Default game type: SURVIVAL
[13:38:29] [Server thread/INFO]: Generating keypair
[13:38:30] [Server thread/INFO]: Starting Minecraft server on *:25565
[13:38:30] [Server thread/INFO]: Using epoll channel type
[13:38:30] [Server thread/WARN]: **** SERVER IS RUNNING IN OFFLINE/INSECURE MODE!
[13:38:30] [Server thread/WARN]: The server will make no attempt to authenticate usernames. Beware.
[13:38:30] [Server thread/WARN]: While this makes the game possible to play without internet access, it also opens up the ability for hackers to connect with any username they choose.
[13:38:30] [Server thread/WARN]: To change this, set "online-mode" to "true" in the server.properties file.
[13:38:30] [Server thread/INFO]: Preparing level "world"
[13:38:45] [Server thread/INFO]: Preparing start region for dimension minecraft:overworld
[13:38:45] [Worker-Main-1/INFO]: Preparing spawn area: 2%
[13:38:45] [Worker-Main-1/INFO]: Preparing spawn area: 2%
[13:38:46] [Worker-Main-1/INFO]: Preparing spawn area: 2%
[13:38:47] [Worker-Main-1/INFO]: Preparing spawn area: 2%
[13:38:48] [Worker-Main-1/INFO]: Preparing spawn area: 2%
[13:38:48] [Worker-Main-1/INFO]: Preparing spawn area: 2%
[13:38:48] [Worker-Main-1/INFO]: Preparing spawn area: 2%
[13:38:48] [Worker-Main-1/INFO]: Preparing spawn area: 2%
[13:38:49] [Worker-Main-1/INFO]: Preparing spawn area: 2%
[13:38:49] [Worker-Main-1/INFO]: Preparing spawn area: 2%
[13:38:50] [Worker-Main-1/INFO]: Preparing spawn area: 2%
[13:38:50] [Worker-Main-1/INFO]: Preparing spawn area: 2%
[13:38:51] [Worker-Main-1/INFO]: Preparing spawn area: 2%
[13:38:52] [Worker-Main-1/INFO]: Preparing spawn area: 2%
[13:38:52] [Worker-Main-1/INFO]: Preparing spawn area: 2%
[13:38:52] [Worker-Main-1/INFO]: Preparing spawn area: 2%
[13:38:53] [Worker-Main-1/INFO]: Preparing spawn area: 2%
[13:38:53] [Worker-Main-1/INFO]: Preparing spawn area: 2%
[13:38:54] [Worker-Main-1/INFO]: Preparing spawn area: 2%
[13:38:54] [Worker-Main-1/INFO]: Preparing spawn area: 2%
[13:38:55] [Worker-Main-1/INFO]: Preparing spawn area: 2%
[13:38:55] [Worker-Main-1/INFO]: Preparing spawn area: 2%
[13:38:56] [Worker-Main-1/INFO]: Preparing spawn area: 2%
[13:38:56] [Worker-Main-1/INFO]: Preparing spawn area: 2%
[13:38:57] [Worker-Main-1/INFO]: Preparing spawn area: 2%
[13:38:57] [Worker-Main-1/INFO]: Preparing spawn area: 2%
[13:38:58] [Worker-Main-1/INFO]: Preparing spawn area: 2%
[13:38:58] [Worker-Main-1/INFO]: Preparing spawn area: 2%
[13:38:59] [Worker-Main-1/INFO]: Preparing spawn area: 2%
[13:38:59] [Worker-Main-1/INFO]: Preparing spawn area: 2%
[13:39:00] [Worker-Main-1/INFO]: Preparing spawn area: 2%
[13:39:00] [Worker-Main-1/INFO]: Preparing spawn area: 30%
[13:39:01] [Server thread/INFO]: Time elapsed: 15881 ms
[13:39:01] [Server thread/INFO]: Done (30.955s)! For help, type "help"
